The wiiiiiiiiiild wild cat lived in a mild climate.
apple
