JELLYFISH is more similar to SMELLYFISH than SHARK